#
# There is insufficient memory for the Java Runtime Environment to continue.
# Native memory allocation (malloc) failed to allocate 3904600 bytes. Error detail: Chunk::new
# Possible reasons:
#   The system is out of physical RAM or swap space
#   This process is running with CompressedOops enabled, and the Java Heap may be blocking the growth of the native heap
# Possible solutions:
#   Reduce memory load on the system
#   Increase physical memory or swap space
#   Check if swap backing store is full
#   Decrease Java heap size (-Xmx/-Xms)
#   Decrease number of Java threads
#   Decrease Java thread stack sizes (-Xss)
#   Set larger code cache with -XX:ReservedCodeCacheSize=
#   JVM is running with Zero Based Compressed Oops mode in which the Java heap is
#     placed in the first 32GB address space. The Java Heap base address is the
#     maximum limit for the native heap growth. Please use -XX:HeapBaseMinAddress
#     to set the Java Heap base and to place the Java Heap above 32GB virtual address.
# This output file may be truncated or incomplete.
#
#  Out of Memory Error (arena.cpp:186), pid=22968, tid=13824
#
# JRE version: Java(TM) SE Runtime Environment (25.0.1+8) (build 25.0.1+8-LTS-27)
# Java VM: Java HotSpot(TM) 64-Bit Server VM (25.0.1+8-LTS-27, mixed mode, sharing, tiered, compressed oops, compressed class ptrs, g1 gc, windows-amd64)
# No core dump will be written. Minidumps are not enabled by default on client versions of Windows
#

---------------  S U M M A R Y ------------

Command Line: --enable-native-access=ALL-UNNAMED -Dfile.encoding=UTF-8 -Dclassworlds.conf=D:\IntelliJ IDEA 2026.2.1\plugins\maven-plugin\lib\maven3\bin\m2.conf -Dmaven.home=D:\IntelliJ IDEA 2026.2.1\plugins\maven-plugin\lib\maven3 -Dlibrary.jansi.path=D:\IntelliJ IDEA 2026.2.1\plugins\maven-plugin\lib\maven3\lib\jansi-native -Dmaven.multiModuleProjectDirectory=C:\PrimeDev\PrimeChat org.codehaus.plexus.classworlds.launcher.Launcher -Didea.version=2026.2.1 -Dmaven.ext.class.path=D:\IntelliJ IDEA 2026.2.1\plugins\maven-plugin\lib\intellij.maven.rt\maven-event-listener.jar -Djansi.passthrough=true -Dstyle.color=always -Dmaven.repo.local=C:\maven-repository package -f pom.xml

Host: AMD Ryzen 5 7535HS with Radeon Graphics        , 12 cores, 15G,  Windows 11 , 64 bit Build 26100 (10.0.26100.9168)
Time: Thu Aug 13 22:40:43 2026 elapsed time: 2.836654 seconds (0d 0h 0m 2s)

---------------  T H R E A D  ---------------

Current thread (0x000001ee7db90de0):  JavaThread "C2 CompilerThread0" daemon [_thread_in_native, id=13824, stack(0x0000006da8600000,0x0000006da8700000) (1024K)]


Current CompileTask:
C2:2836 4057       4       org.codehaus.plexus.util.xml.pull.MXParser::nextImpl (1208 bytes)

Stack: [0x0000006da8600000,0x0000006da8700000]
Native frames: (J=compiled Java code, j=interpreted, Vv=VM code, C=native code)
V  [jvm.dll+0x7a6b59]  (no source info available)
V  [jvm.dll+0x77290d]  (no source info available)
V  [jvm.dll+0x966153]  (no source info available)
V  [jvm.dll+0x968751]  (no source info available)
V  [jvm.dll+0x968e53]  (no source info available)
V  [jvm.dll+0x2fc756]  (no source info available)
V  [jvm.dll+0x111b26]  (no source info available)
V  [jvm.dll+0x111e4e]  (no source info available)
V  [jvm.dll+0x1a0a22]  (no source info available)
V  [jvm.dll+0x3b53c2]  (no source info available)
V  [jvm.dll+0x7ac4ef]  (no source info available)
V  [jvm.dll+0x2c0ac7]  (no source info available)
V  [jvm.dll+0x2bfa8f]  (no source info available)
V  [jvm.dll+0x237b60]  (no source info available)
V  [jvm.dll+0x2cfb56]  (no source info available)
V  [jvm.dll+0x2cddd5]  (no source info available)
V  [jvm.dll+0x48e6d1]  (no source info available)
V  [jvm.dll+0x906a0d]  (no source info available)
V  [jvm.dll+0x7a5135]  (no source info available)
C  [ucrtbase.dll+0x2cd30]  (no source info available)
C  [KERNEL32.DLL+0x2ccb7]  (no source info available)
C  [ntdll.dll+0xaad6c]  (no source info available)

Lock stack of current Java thread (top to bottom):


---------------  P R O C E S S  ---------------

Threads class SMR info:
_java_thread_list=0x000001ee1324ec60, length=14, elements={
0x000001ee6b90b660, 0x000001ee7db7b340, 0x000001ee7db7bda0, 0x000001ee7db84160,
0x000001ee7db86a70, 0x000001ee7db8a440, 0x000001ee7db8b770, 0x000001ee7db90de0,
0x000001ee7dba5e30, 0x000001ee7e45c020, 0x000001ee7e46c920, 0x000001ee7e3d7a40,
0x000001ee7e3d51f0, 0x000001ee7db98f10
}

Java Threads: ( => current thread )
  0x000001ee6b90b660 JavaThread "main"                              [_thread_in_native, id=8772, stack(0x0000006da7800000,0x0000006da7900000) (1024K)]
  0x000001ee7db7b340 JavaThread "Reference Handler"          daemon [_thread_blocked, id=9240, stack(0x0000006da8000000,0x0000006da8100000) (1024K)]
  0x000001ee7db7bda0 JavaThread "Finalizer"                  daemon [_thread_blocked, id=27420, stack(0x0000006da8100000,0x0000006da8200000) (1024K)]
  0x000001ee7db84160 JavaThread "Signal Dispatcher"          daemon [_thread_blocked, id=24816, stack(0x0000006da8200000,0x0000006da8300000) (1024K)]
  0x000001ee7db86a70 JavaThread "Attach Listener"            daemon [_thread_blocked, id=27596, stack(0x0000006da8300000,0x0000006da8400000) (1024K)]
  0x000001ee7db8a440 JavaThread "Service Thread"             daemon [_thread_blocked, id=27200, stack(0x0000006da8400000,0x0000006da8500000) (1024K)]
  0x000001ee7db8b770 JavaThread "Monitor Deflation Thread"   daemon [_thread_blocked, id=27360, stack(0x0000006da8500000,0x0000006da8600000) (1024K)]
=>0x000001ee7db90de0 JavaThread "C2 CompilerThread0"         daemon [_thread_in_native, id=13824, stack(0x0000006da8600000,0x0000006da8700000) (1024K)]
  0x000001ee7dba5e30 JavaThread "C1 CompilerThread0"         daemon [_thread_blocked, id=2680, stack(0x0000006da8700000,0x0000006da8800000) (1024K)]
  0x000001ee7e45c020 JavaThread "Notification Thread"        daemon [_thread_blocked, id=27352, stack(0x0000006da8800000,0x0000006da8900000) (1024K)]
  0x000001ee7e46c920 JavaThread "Common-Cleaner"             daemon [_thread_blocked, id=11920, stack(0x0000006da8900000,0x0000006da8a00000) (1024K)]
  0x000001ee7e3d7a40 JavaThread "C2 CompilerThread1"         daemon [_thread_in_native, id=14428, stack(0x0000006da8a00000,0x0000006da8b00000) (1024K)]
  0x000001ee7e3d51f0 JavaThread "C2 CompilerThread2"         daemon [_thread_in_native, id=20472, stack(0x0000006da8b00000,0x0000006da8c00000) (1024K)]
  0x000001ee7db98f10 JavaThread "Thread-1"                   daemon [_thread_blocked, id=10032, stack(0x0000006da9000000,0x0000006da9100000) (1024K)]
Total: 14

Other Threads:
  0x000001ee7da364a0 VMThread "VM Thread"                           [id=27408, stack(0x0000006da7f00000,0x0000006da8000000) (1024K)]
  0x000001ee7db59720 WatcherThread "VM Periodic Task Thread"        [id=7584, stack(0x0000006da7e00000,0x0000006da7f00000) (1024K)]
  0x000001ee6dd2a680 WorkerThread "GC Thread#0"                     [id=26596, stack(0x0000006da7900000,0x0000006da7a00000) (1024K)]
  0x000001ee7da34f10 WorkerThread "GC Thread#1"                     [id=5820, stack(0x0000006da8c00000,0x0000006da8d00000) (1024K)]
  0x000001ee7da357b0 WorkerThread "GC Thread#2"                     [id=23032, stack(0x0000006da8d00000,0x0000006da8e00000) (1024K)]
  0x000001ee7da35c00 WorkerThread "GC Thread#3"                     [id=26884, stack(0x0000006da8e00000,0x0000006da8f00000) (1024K)]
  0x000001ee7da33530 WorkerThread "GC Thread#4"                     [id=10832, stack(0x0000006da8f00000,0x0000006da9000000) (1024K)]
  0x000001ee6dd443c0 ConcurrentGCThread "G1 Main Marker"            [id=12532, stack(0x0000006da7a00000,0x0000006da7b00000) (1024K)]
  0x000001ee6dd47a50 WorkerThread "G1 Conc#0"                       [id=12888, stack(0x0000006da7b00000,0x0000006da7c00000) (1024K)]
  0x000001ee7da20b00 ConcurrentGCThread "G1 Refine#0"               [id=21820, stack(0x0000006da7c00000,0x0000006da7d00000) (1024K)]
  0x000001ee7da25120 ConcurrentGCThread "G1 Service"                [id=20940, stack(0x0000006da7d00000,0x0000006da7e00000) (1024K)]
Total: 11

Threads with active compile tasks:
C2 CompilerThread0  3078 4057       4       org.codehaus.plexus.util.xml.pull.MXParser::nextImpl (1208 bytes)
C1 CompilerThread0  3078 4505       3       org.apache.maven.model.io.xpp3.MavenXpp3Reader::parseModel (1606 bytes)
C2 CompilerThread1  3078 4037       4       org.codehaus.plexus.util.xml.Xpp3Dom::<init> (125 bytes)
C2 CompilerThread2  3078 4249       4       org.codehaus.plexus.util.xml.pull.MXParser::parseAttribute (1438 bytes)
Total: 4

VM state: not at safepoint (normal execution)

VM Mutex/Monitor currently owned by a thread: None

Heap address: 0x000000070c000000, size: 3904 MB, Compressed Oops mode: Zero based, Oop shift amount: 3

CDS archive(s) mapped at: [0x000000001e000000-0x000000001edd0000-0x000000001edd0000), size 14483456, SharedBaseAddress: 0x000000001e000000, ArchiveRelocationMode: 1.
Compressed class space mapped at: 0x000000001f000000-0x000000005f000000, reserved size: 1073741824
UseCompressedClassPointers 1, UseCompactObjectHeaders 0
Narrow klass pointer bits 32, Max shift 3
Narrow klass base: 0x000000001e000000, Narrow klass shift: 0
Encoding Range: [0x000000001e000000 - 0x000000011e000000), (4294967296 bytes)
Klass Range:    [0x000000001e010000 - 0x000000005f000000), (1090453504 bytes)
Klass ID Range:  [65536 - 1090519033) (1090453497)
Protection zone: [0x000000001e000000 - 0x000000001e010000), (65536 bytes)

GC Precious Log:
 CardTable entry size: 512
 Card Set container configuration: InlinePtr #cards 4 size 8 Array Of Cards #cards 16 size 48 Howl #buckets 8 coarsen threshold 3686 Howl Bitmap #cards 512 size 80 coarsen threshold 460 Card regions per heap region 1 cards per card region 4096
 CPUs: 12 total, 12 available
 Memory: 15611M
 Large Page Support: Disabled
 NUMA Support: Disabled
 Compressed Oops: Enabled (Zero based)
 Heap Region Size: 2M
 Heap Min Capacity: 8M
 Heap Initial Capacity: 244M
 Heap Max Capacity: 3904M
 Pre-touch: Disabled
 Parallel Workers: 10
 Concurrent Workers: 3
 Concurrent Refinement Workers: 10
 Periodic GC: Disabled

Heap:
 garbage-first heap   total reserved 3997696K, committed 251904K, used 77141K [0x000000070c000000, 0x0000000800000000)
  region size 2048K, 39 young (79872K), 3 survivors (6144K)

Heap Regions: E=young(eden), S=young(survivor), O=old, HS=humongous(starts), HC=humongous(continues), CS=collection set, F=free, TAMS=top-at-mark-start, PB=parsable bottom
|   0|0x000000070c000000, 0x000000070c000000, 0x000000070c200000|  0%| F|  |TAMS 0x000000070c000000| PB 0x000000070c000000| Untracked |  0
|   1|0x000000070c200000, 0x000000070c200000, 0x000000070c400000|  0%| F|  |TAMS 0x000000070c200000| PB 0x000000070c200000| Untracked |  0
|   2|0x000000070c400000, 0x000000070c400000, 0x000000070c600000|  0%| F|  |TAMS 0x000000070c400000| PB 0x000000070c400000| Untracked |  0
|   3|0x000000070c600000, 0x000000070c600000, 0x000000070c800000|  0%| F|  |TAMS 0x000000070c600000| PB 0x000000070c600000| Untracked |  0
|   4|0x000000070c800000, 0x000000070c800000, 0x000000070ca00000|  0%| F|  |TAMS 0x000000070c800000| PB 0x000000070c800000| Untracked |  0
|   5|0x000000070ca00000, 0x000000070ca00000, 0x000000070cc00000|  0%| F|  |TAMS 0x000000070ca00000| PB 0x000000070ca00000| Untracked |  0
|   6|0x000000070cc00000, 0x000000070cc00000, 0x000000070ce00000|  0%| F|  |TAMS 0x000000070cc00000| PB 0x000000070cc00000| Untracked |  0
|   7|0x000000070ce00000, 0x000000070ce00000, 0x000000070d000000|  0%| F|  |TAMS 0x000000070ce00000| PB 0x000000070ce00000| Untracked |  0
|   8|0x000000070d000000, 0x000000070d000000, 0x000000070d200000|  0%| F|  |TAMS 0x000000070d000000| PB 0x000000070d000000| Untracked |  0
|   9|0x000000070d200000, 0x000000070d200000, 0x000000070d400000|  0%| F|  |TAMS 0x000000070d200000| PB 0x000000070d200000| Untracked |  0
|  10|0x000000070d400000, 0x000000070d400000, 0x000000070d600000|  0%| F|  |TAMS 0x000000070d400000| PB 0x000000070d400000| Untracked |  0
|  11|0x000000070d600000, 0x000000070d600000, 0x000000070d800000|  0%| F|  |TAMS 0x000000070d600000| PB 0x000000070d600000| Untracked |  0
|  12|0x000000070d800000, 0x000000070d800000, 0x000000070da00000|  0%| F|  |TAMS 0x000000070d800000| PB 0x000000070d800000| Untracked |  0
|  13|0x000000070da00000, 0x000000070da00000, 0x000000070dc00000|  0%| F|  |TAMS 0x000000070da00000| PB 0x000000070da00000| Untracked |  0
|  14|0x000000070dc00000, 0x000000070dc00000, 0x000000070de00000|  0%| F|  |TAMS 0x000000070dc00000| PB 0x000000070dc00000| Untracked |  0
|  15|0x000000070de00000, 0x000000070de00000, 0x000000070e000000|  0%| F|  |TAMS 0x000000070de00000| PB 0x000000070de00000| Untracked |  0
|  16|0x000000070e000000, 0x000000070e000000, 0x000000070e200000|  0%| F|  |TAMS 0x000000070e000000| PB 0x000000070e000000| Untracked |  0
|  17|0x000000070e200000, 0x000000070e200000, 0x000000070e400000|  0%| F|  |TAMS 0x000000070e200000| PB 0x000000070e200000| Untracked |  0
|  18|0x000000070e400000, 0x000000070e400000, 0x000000070e600000|  0%| F|  |TAMS 0x000000070e400000| PB 0x000000070e400000| Untracked |  0
|  19|0x000000070e600000, 0x000000070e600000, 0x000000070e800000|  0%| F|  |TAMS 0x000000070e600000| PB 0x000000070e600000| Untracked |  0
|  20|0x000000070e800000, 0x000000070e800000, 0x000000070ea00000|  0%| F|  |TAMS 0x000000070e800000| PB 0x000000070e800000| Untracked |  0
|  21|0x000000070ea00000, 0x000000070ea00000, 0x000000070ec00000|  0%| F|  |TAMS 0x000000070ea00000| PB 0x000000070ea00000| Untracked |  0
|  22|0x000000070ec00000, 0x000000070ec00000, 0x000000070ee00000|  0%| F|  |TAMS 0x000000070ec00000| PB 0x000000070ec00000| Untracked |  0
|  23|0x000000070ee00000, 0x000000070ee00000, 0x000000070f000000|  0%| F|  |TAMS 0x000000070ee00000| PB 0x000000070ee00000| Untracked |  0
|  24|0x000000070f000000, 0x000000070f000000, 0x000000070f200000|  0%| F|  |TAMS 0x000000070f000000| PB 0x000000070f000000| Untracked |  0
|  25|0x000000070f200000, 0x000000070f200000, 0x000000070f400000|  0%| F|  |TAMS 0x000000070f200000| PB 0x000000070f200000| Untracked |  0
|  26|0x000000070f400000, 0x000000070f400000, 0x000000070f600000|  0%| F|  |TAMS 0x000000070f400000| PB 0x000000070f400000| Untracked |  0
|  27|0x000000070f600000, 0x000000070f600000, 0x000000070f800000|  0%| F|  |TAMS 0x000000070f600000| PB 0x000000070f600000| Untracked |  0
|  28|0x000000070f800000, 0x000000070f800000, 0x000000070fa00000|  0%| F|  |TAMS 0x000000070f800000| PB 0x000000070f800000| Untracked |  0
|  29|0x000000070fa00000, 0x000000070fa00000, 0x000000070fc00000|  0%| F|  |TAMS 0x000000070fa00000| PB 0x000000070fa00000| Untracked |  0
|  30|0x000000070fc00000, 0x000000070fc00000, 0x000000070fe00000|  0%| F|  |TAMS 0x000000070fc00000| PB 0x000000070fc00000| Untracked |  0
|  31|0x000000070fe00000, 0x000000070fe00000, 0x0000000710000000|  0%| F|  |TAMS 0x000000070fe00000| PB 0x000000070fe00000| Untracked |  0
|  32|0x0000000710000000, 0x0000000710000000, 0x0000000710200000|  0%| F|  |TAMS 0x0000000710000000| PB 0x0000000710000000| Untracked |  0
|  33|0x0000000710200000, 0x0000000710200000, 0x0000000710400000|  0%| F|  |TAMS 0x0000000710200000| PB 0x0000000710200000| Untracked |  0
|  34|0x0000000710400000, 0x0000000710400000, 0x0000000710600000|  0%| F|  |TAMS 0x0000000710400000| PB 0x0000000710400000| Untracked |  0
|  35|0x0000000710600000, 0x0000000710600000, 0x0000000710800000|  0%| F|  |TAMS 0x0000000710600000| PB 0x0000000710600000| Untracked |  0
|  36|0x0000000710800000, 0x0000000710800000, 0x0000000710a00000|  0%| F|  |TAMS 0x0000000710800000| PB 0x0000000710800000| Untracked |  0
|  37|0x0000000710a00000, 0x0000000710a00000, 0x0000000710c00000|  0%| F|  |TAMS 0x0000000710a00000| PB 0x0000000710a00000| Untracked |  0
|  38|0x0000000710c00000, 0x0000000710c00000, 0x0000000710e00000|  0%| F|  |TAMS 0x0000000710c00000| PB 0x0000000710c00000| Untracked |  0
|  39|0x0000000710e00000, 0x0000000710e00000, 0x0000000711000000|  0%| F|  |TAMS 0x0000000710e00000| PB 0x0000000710e00000| Untracked |  0
|  40|0x0000000711000000, 0x0000000711000000, 0x0000000711200000|  0%| F|  |TAMS 0x0000000711000000| PB 0x0000000711000000| Untracked |  0
|  41|0x0000000711200000, 0x0000000711200000, 0x0000000711400000|  0%| F|  |TAMS 0x0000000711200000| PB 0x0000000711200000| Untracked |  0
|  42|0x0000000711400000, 0x0000000711400000, 0x0000000711600000|  0%| F|  |TAMS 0x0000000711400000| PB 0x0000000711400000| Untracked |  0
|  43|0x0000000711600000, 0x0000000711600000, 0x0000000711800000|  0%| F|  |TAMS 0x0000000711600000| PB 0x0000000711600000| Untracked |  0
|  44|0x0000000711800000, 0x0000000711800000, 0x0000000711a00000|  0%| F|  |TAMS 0x0000000711800000| PB 0x0000000711800000| Untracked |  0
|  45|0x0000000711a00000, 0x0000000711a00000, 0x0000000711c00000|  0%| F|  |TAMS 0x0000000711a00000| PB 0x0000000711a00000| Untracked |  0
|  46|0x0000000711c00000, 0x0000000711c00000, 0x0000000711e00000|  0%| F|  |TAMS 0x0000000711c00000| PB 0x0000000711c00000| Untracked |  0
|  47|0x0000000711e00000, 0x0000000711e00000, 0x0000000712000000|  0%| F|  |TAMS 0x0000000711e00000| PB 0x0000000711e00000| Untracked |  0
|  48|0x0000000712000000, 0x0000000712000000, 0x0000000712200000|  0%| F|  |TAMS 0x0000000712000000| PB 0x0000000712000000| Untracked |  0
|  49|0x0000000712200000, 0x0000000712200000, 0x0000000712400000|  0%| F|  |TAMS 0x0000000712200000| PB 0x0000000712200000| Untracked |  0
|  50|0x0000000712400000, 0x0000000712400000, 0x0000000712600000|  0%| F|  |TAMS 0x0000000712400000| PB 0x0000000712400000| Untracked |  0
|  51|0x0000000712600000, 0x0000000712600000, 0x0000000712800000|  0%| F|  |TAMS 0x0000000712600000| PB 0x0000000712600000| Untracked |  0
|  52|0x0000000712800000, 0x0000000712800000, 0x0000000712a00000|  0%| F|  |TAMS 0x0000000712800000| PB 0x0000000712800000| Untracked |  0
|  53|0x0000000712a00000, 0x0000000712a00000, 0x0000000712c00000|  0%| F|  |TAMS 0x0000000712a00000| PB 0x0000000712a00000| Untracked |  0
|  54|0x0000000712c00000, 0x0000000712c00000, 0x0000000712e00000|  0%| F|  |TAMS 0x0000000712c00000| PB 0x0000000712c00000| Untracked |  0
|  55|0x0000000712e00000, 0x0000000712e00000, 0x0000000713000000|  0%| F|  |TAMS 0x0000000712e00000| PB 0x0000000712e00000| Untracked |  0
|  56|0x0000000713000000, 0x0000000713000000, 0x0000000713200000|  0%| F|  |TAMS 0x0000000713000000| PB 0x0000000713000000| Untracked |  0
|  57|0x0000000713200000, 0x0000000713200000, 0x0000000713400000|  0%| F|  |TAMS 0x0000000713200000| PB 0x0000000713200000| Untracked |  0
|  58|0x0000000713400000, 0x0000000713400000, 0x0000000713600000|  0%| F|  |TAMS 0x0000000713400000| PB 0x0000000713400000| Untracked |  0
|  59|0x0000000713600000, 0x0000000713600000, 0x0000000713800000|  0%| F|  |TAMS 0x0000000713600000| PB 0x0000000713600000| Untracked |  0
|  60|0x0000000713800000, 0x0000000713800000, 0x0000000713a00000|  0%| F|  |TAMS 0x0000000713800000| PB 0x0000000713800000| Untracked |  0
|  61|0x0000000713a00000, 0x0000000713a00000, 0x0000000713c00000|  0%| F|  |TAMS 0x0000000713a00000| PB 0x0000000713a00000| Untracked |  0
|  62|0x0000000713c00000, 0x0000000713c00000, 0x0000000713e00000|  0%| F|  |TAMS 0x0000000713c00000| PB 0x0000000713c00000| Untracked |  0
|  63|0x0000000713e00000, 0x0000000713e00000, 0x0000000714000000|  0%| F|  |TAMS 0x0000000713e00000| PB 0x0000000713e00000| Untracked |  0
|  64|0x0000000714000000, 0x0000000714000000, 0x0000000714200000|  0%| F|  |TAMS 0x0000000714000000| PB 0x0000000714000000| Untracked |  0
|  65|0x0000000714200000, 0x0000000714200000, 0x0000000714400000|  0%| F|  |TAMS 0x0000000714200000| PB 0x0000000714200000| Untracked |  0
|  66|0x0000000714400000, 0x0000000714400000, 0x0000000714600000|  0%| F|  |TAMS 0x0000000714400000| PB 0x0000000714400000| Untracked |  0
|  67|0x0000000714600000, 0x0000000714600000, 0x0000000714800000|  0%| F|  |TAMS 0x0000000714600000| PB 0x0000000714600000| Untracked |  0
|  68|0x0000000714800000, 0x0000000714800000, 0x0000000714a00000|  0%| F|  |TAMS 0x0000000714800000| PB 0x0000000714800000| Untracked |  0
|  69|0x0000000714a00000, 0x0000000714a00000, 0x0000000714c00000|  0%| F|  |TAMS 0x0000000714a00000| PB 0x0000000714a00000| Untracked |  0
|  70|0x0000000714c00000, 0x0000000714c00000, 0x0000000714e00000|  0%| F|  |TAMS 0x0000000714c00000| PB 0x0000000714c00000| Untracked |  0
|  71|0x0000000714e00000, 0x0000000714e00000, 0x0000000715000000|  0%| F|  |TAMS 0x0000000714e00000| PB 0x0000000714e00000| Untracked |  0
|  72|0x0000000715000000, 0x0000000715000000, 0x0000000715200000|  0%| F|  |TAMS 0x0000000715000000| PB 0x0000000715000000| Untracked |  0
|  73|0x0000000715200000, 0x0000000715200000, 0x0000000715400000|  0%| F|  |TAMS 0x0000000715200000| PB 0x0000000715200000| Untracked |  0
|  74|0x0000000715400000, 0x0000000715400000, 0x0000000715600000|  0%| F|  |TAMS 0x0000000715400000| PB 0x0000000715400000| Untracked |  0
|  75|0x0000000715600000, 0x0000000715600000, 0x0000000715800000|  0%| F|  |TAMS 0x0000000715600000| PB 0x0000000715600000| Untracked |  0
|  76|0x0000000715800000, 0x0000000715800000, 0x0000000715a00000|  0%| F|  |TAMS 0x0000000715800000| PB 0x0000000715800000| Untracked |  0
|  77|0x0000000715a00000, 0x0000000715a00000, 0x0000000715c00000|  0%| F|  |TAMS 0x0000000715a00000| PB 0x0000000715a00000| Untracked |  0
|  78|0x0000000715c00000, 0x0000000715c00000, 0x0000000715e00000|  0%| F|  |TAMS 0x0000000715c00000| PB 0x0000000715c00000| Untracked |  0
|  79|0x0000000715e00000, 0x0000000715e00000, 0x0000000716000000|  0%| F|  |TAMS 0x0000000715e00000| PB 0x0000000715e00000| Untracked |  0
|  80|0x0000000716000000, 0x0000000716000000, 0x0000000716200000|  0%| F|  |TAMS 0x0000000716000000| PB 0x0000000716000000| Untracked |  0
|  81|0x0000000716200000, 0x0000000716200000, 0x0000000716400000|  0%| F|  |TAMS 0x0000000716200000| PB 0x0000000716200000| Untracked |  0
|  82|0x0000000716400000, 0x00000007164cffb0, 0x0000000716600000| 40%| E|  |TAMS 0x0000000716400000| PB 0x0000000716400000| Complete |  0
|  83|0x0000000716600000, 0x0000000716800000, 0x0000000716800000|100%| E|CS|TAMS 0x0000000716600000| PB 0x0000000716600000| Complete |  0
|  84|0x0000000716800000, 0x0000000716a00000, 0x0000000716a00000|100%| E|CS|TAMS 0x0000000716800000| PB 0x0000000716800000| Complete |  0
|  85|0x0000000716a00000, 0x0000000716c00000, 0x0000000716c00000|100%| E|CS|TAMS 0x0000000716a00000| PB 0x0000000716a00000| Complete |  0
|  86|0x0000000716c00000, 0x0000000716e00000, 0x0000000716e00000|100%| E|CS|TAMS 0x0000000716c00000| PB 0x0000000716c00000| Complete |  0
|  87|0x0000000716e00000, 0x0000000717000000, 0x0000000717000000|100%| E|CS|TAMS 0x0000000716e00000| PB 0x0000000716e00000| Complete |  0
|  88|0x0000000717000000, 0x0000000717200000, 0x0000000717200000|100%| E|CS|TAMS 0x0000000717000000| PB 0x0000000717000000| Complete |  0
|  89|0x0000000717200000, 0x0000000717400000, 0x0000000717400000|100%| E|CS|TAMS 0x0000000717200000| PB 0x0000000717200000| Complete |  0
|  90|0x0000000717400000, 0x0000000717600000, 0x0000000717600000|100%| E|CS|TAMS 0x0000000717400000| PB 0x0000000717400000| Complete |  0
|  91|0x0000000717600000, 0x0000000717800000, 0x0000000717800000|100%| E|CS|TAMS 0x0000000717600000| PB 0x0000000717600000| Complete |  0
|  92|0x0000000717800000, 0x0000000717a00000, 0x0000000717a00000|100%| E|CS|TAMS 0x0000000717800000| PB 0x0000000717800000| Complete |  0
|  93|0x0000000717a00000, 0x0000000717c00000, 0x0000000717c00000|100%| E|CS|TAMS 0x0000000717a00000| PB 0x0000000717a00000| Complete |  0
|  94|0x0000000717c00000, 0x0000000717e00000, 0x0000000717e00000|100%| E|CS|TAMS 0x0000000717c00000| PB 0x0000000717c00000| Complete |  0
|  95|0x0000000717e00000, 0x0000000717e30000, 0x0000000718000000|  9%| S|CS|TAMS 0x0000000717e00000| PB 0x0000000717e00000| Complete |  0
|  96|0x0000000718000000, 0x0000000718200000, 0x0000000718200000|100%| S|CS|TAMS 0x0000000718000000| PB 0x0000000718000000| Complete |  0
|  97|0x0000000718200000, 0x0000000718400000, 0x0000000718400000|100%| S|CS|TAMS 0x0000000718200000| PB 0x0000000718200000| Complete |  0
|  98|0x0000000718400000, 0x0000000718600000, 0x0000000718600000|100%| E|CS|TAMS 0x0000000718400000| PB 0x0000000718400000| Complete |  0
|  99|0x0000000718600000, 0x0000000718800000, 0x0000000718800000|100%| E|CS|TAMS 0x0000000718600000| PB 0x0000000718600000| Complete |  0
| 100|0x0000000718800000, 0x0000000718a00000, 0x0000000718a00000|100%| E|CS|TAMS 0x0000000718800000| PB 0x0000000718800000| Complete |  0
| 101|0x0000000718a00000, 0x0000000718c00000, 0x0000000718c00000|100%| E|CS|TAMS 0x0000000718a00000| PB 0x0000000718a00000| Complete |  0
| 102|0x0000000718c00000, 0x0000000718e00000, 0x0000000718e00000|100%| E|CS|TAMS 0x0000000718c00000| PB 0x0000000718c00000| Complete |  0
| 103|0x0000000718e00000, 0x0000000719000000, 0x0000000719000000|100%| E|CS|TAMS 0x0000000718e00000| PB 0x0000000718e00000| Complete |  0
| 104|0x0000000719000000, 0x0000000719200000, 0x0000000719200000|100%| E|CS|TAMS 0x0000000719000000| PB 0x0000000719000000| Complete |  0
| 105|0x0000000719200000, 0x0000000719400000, 0x0000000719400000|100%| E|CS|TAMS 0x0000000719200000| PB 0x0000000719200000| Complete |  0
| 106|0x0000000719400000, 0x0000000719600000, 0x0000000719600000|100%| E|CS|TAMS 0x0000000719400000| PB 0x0000000719400000| Complete |  0
| 107|0x0000000719600000, 0x0000000719800000, 0x0000000719800000|100%| E|CS|TAMS 0x0000000719600000| PB 0x0000000719600000| Complete |  0
| 108|0x0000000719800000, 0x0000000719a00000, 0x0000000719a00000|100%| E|CS|TAMS 0x0000000719800000| PB 0x0000000719800000| Complete |  0
| 109|0x0000000719a00000, 0x0000000719c00000, 0x0000000719c00000|100%| E|CS|TAMS 0x0000000719a00000| PB 0x0000000719a00000| Complete |  0
| 110|0x0000000719c00000, 0x0000000719e00000, 0x0000000719e00000|100%| E|CS|TAMS 0x0000000719c00000| PB 0x0000000719c00000| Complete |  0
| 111|0x0000000719e00000, 0x000000071a000000, 0x000000071a000000|100%| E|CS|TAMS 0x0000000719e00000| PB 0x0000000719e00000| Complete |  0
| 112|0x000000071a000000, 0x000000071a200000, 0x000000071a200000|100%| E|CS|TAMS 0x000000071a000000| PB 0x000000071a000000| Complete |  0
| 113|0x000000071a200000, 0x000000071a400000, 0x000000071a400000|100%| E|CS|TAMS 0x000000071a200000| PB 0x000000071a200000| Complete |  0
| 114|0x000000071a400000, 0x000000071a600000, 0x000000071a600000|100%| E|CS|TAMS 0x000000071a400000| PB 0x000000071a400000| Complete |  0
| 115|0x000000071a600000, 0x000000071a800000, 0x000000071a800000|100%| E|CS|TAMS 0x000000071a600000| PB 0x000000071a600000| Complete |  0
| 116|0x000000071a800000, 0x000000071aa00000, 0x000000071aa00000|100%| E|CS|TAMS 0x000000071a800000| PB 0x000000071a800000| Complete |  0
| 117|0x000000071aa00000, 0x000000071ac00000, 0x000000071ac00000|100%| E|CS|TAMS 0x000000071aa00000| PB 0x000000071aa00000| Complete |  0
| 118|0x000000071ac00000, 0x000000071ae00000, 0x000000071ae00000|100%| E|CS|TAMS 0x000000071ac00000| PB 0x000000071ac00000| Complete |  0
| 119|0x000000071ae00000, 0x000000071b000000, 0x000000071b000000|100%| E|CS|TAMS 0x000000071ae00000| PB 0x000000071ae00000| Complete |  0
| 120|0x000000071b000000, 0x000000071b200000, 0x000000071b200000|100%| E|CS|TAMS 0x000000071b000000| PB 0x000000071b000000| Complete |  0
| 121|0x000000071b200000, 0x000000071b400000, 0x000000071b400000|100%| E|CS|TAMS 0x000000071b200000| PB 0x000000071b200000| Complete |  0
|1951|0x00000007ffe00000, 0x00000007fff256a0, 0x0000000800000000| 57%| O|  |TAMS 0x00000007ffe00000| PB 0x00000007ffe00000| Untracked |  0

Card table byte_map: [0x000001ee77210000,0x000001ee779b0000] _byte_map_base: 0x000001ee739b0000

Marking Bits: (CMBitMap*) 0x000001ee6dd2ac10
 Bits: [0x000001ee779b0000, 0x000001ee7b6b0000)

Polling page: 0x000001ee6bfb0000

Metaspace:
Metaspace        used 15690K, committed 15936K, reserved 1114112K
 class space     used 1484K, committed 1536K, reserved 1048576K

Usage:
  Non-class:     13.87 MB used.
      Class:      1.45 MB used.
       Both:     15.32 MB used.

Virtual space:
  Non-class space:       64.00 MB reserved,      14.06 MB ( 22%) committed,  1 nodes.
      Class space:        1.00 GB reserved,       1.50 MB ( <1%) committed,  1 nodes.
             Both:        1.06 GB reserved,      15.56 MB (  1%) committed. 

Chunk freelists:
   Non-Class:  1.61 MB
       Class:  14.50 MB
        Both:  16.11 MB

MaxMetaspaceSize: unlimited
CompressedClassSpaceSize: 1.00 GB
Initial GC threshold: 21.00 MB
Current GC threshold: 21.00 MB
CDS: on
 - commit_granule_bytes: 65536.
 - commit_granule_words: 8192.
 - virtual_space_node_default_size: 8388608.
 - enlarge_chunks_in_place: 1.
UseCompressedClassPointers 1, UseCompactObjectHeaders 0
Narrow klass pointer bits 32, Max shift 3
Narrow klass base: 0x000000001e000000, Narrow klass shift: 0
Encoding Range: [0x000000001e000000 - 0x000000011e000000), (4294967296 bytes)
Klass Range:    [0x000000001e010000 - 0x000000005f000000), (1090453504 bytes)
Klass ID Range:  [65536 - 1090519033) (1090453497)
Protection zone: [0x000000001e000000 - 0x000000001e010000), (65536 bytes)


Internal statistics:

num_allocs_failed_limit: 0.
num_arena_births: 122.
num_arena_deaths: 0.
num_vsnodes_births: 2.
num_vsnodes_deaths: 0.
num_space_committed: 249.
num_space_uncommitted: 0.
num_chunks_returned_to_freelist: 0.
num_chunks_taken_from_freelist: 666.
num_chunk_merges: 0.
num_chunk_splits: 455.
num_chunks_enlarged: 357.
num_inconsistent_stats: 0.

CodeHeap 'non-profiled nmethods': size=120064Kb used=1463Kb max_used=1463Kb free=118600Kb
 bounds [0x000001ee07ac0000, 0x000001ee07d30000, 0x000001ee0f000000]
CodeHeap 'profiled nmethods': size=120000Kb used=7190Kb max_used=7190Kb free=112809Kb
 bounds [0x000001ee00000000, 0x000001ee00710000, 0x000001ee07530000]
CodeHeap 'non-nmethods': size=5696Kb used=1400Kb max_used=1450Kb free=4295Kb
 bounds [0x000001ee07530000, 0x000001ee077a0000, 0x000001ee07ac0000]
CodeCache: size=245760Kb, used=10053Kb, max_used=10103Kb, free=235704Kb
 total_blobs=5000, nmethods=4485, adapters=415, full_count=0
Compilation: enabled, stopped_count=0, restarted_count=0

Compilation events (20 events):
Event: 2.827 Thread 0x000001ee7dba5e30 nmethod 4141 0x000001ee07c11088 code [0x000001ee07c11180, 0x000001ee07c11248]
Event: 2.827 Thread 0x000001ee7dba5e30 4142       1       org.apache.maven.model.RepositoryPolicy::getChecksumPolicy (5 bytes)
Event: 2.828 Thread 0x000001ee7dba5e30 nmethod 4142 0x000001ee07c11388 code [0x000001ee07c11480, 0x000001ee07c11548]
Event: 2.828 Thread 0x000001ee7dba5e30 4144   !   3       org.eclipse.aether.util.ConfigUtils::getLong (79 bytes)
Event: 2.828 Thread 0x000001ee7dba5e30 nmethod 4144 0x000001ee00671308 code [0x000001ee00671400, 0x000001ee00671bf8]
Event: 2.828 Thread 0x000001ee7dba5e30 4145       3       org.eclipse.sisu.wire.NamedIterableAdapter$NamedIterator::next (5 bytes)
Event: 2.829 Thread 0x000001ee7dba5e30 nmethod 4145 0x000001ee00671c08 code [0x000001ee00671d00, 0x000001ee00672218]
Event: 2.829 Thread 0x000001ee7dba5e30 4146       3       org.eclipse.sisu.wire.NamedIterableAdapter$NamedIterator::next (20 bytes)
Event: 2.829 Thread 0x000001ee7dba5e30 nmethod 4146 0x000001ee00672288 code [0x000001ee00672380, 0x000001ee006727c0]
Event: 2.829 Thread 0x000001ee7dba5e30 4147       3       org.eclipse.sisu.wire.NamedIterableAdapter$NamedEntry::<init> (10 bytes)
Event: 2.829 Thread 0x000001ee7dba5e30 nmethod 4147 0x000001ee00672808 code [0x000001ee00672900, 0x000001ee00672ac0]
Event: 2.829 Thread 0x000001ee7dba5e30 4143       3       org.eclipse.aether.util.ConfigUtils::getLong (12 bytes)
Event: 2.829 Thread 0x000001ee7dba5e30 nmethod 4143 0x000001ee00672b08 code [0x000001ee00672c00, 0x000001ee00672d80]
Event: 2.830 Thread 0x000001ee7e3d51f0 nmethod 4132 0x000001ee07c11688 code [0x000001ee07c11780, 0x000001ee07c11e28]
Event: 2.830 Thread 0x000001ee7e3d51f0 4135       4       java.lang.StringBuilder::charAt (6 bytes)
Event: 2.830 Thread 0x000001ee7dba5e30 4148       3       java.io.File::<init> (20 bytes)
Event: 2.831 Thread 0x000001ee7dba5e30 nmethod 4148 0x000001ee00672e08 code [0x000001ee00672f00, 0x000001ee00673100]
Event: 2.832 Thread 0x000001ee7e3d51f0 nmethod 4135 0x000001ee07c11e88 code [0x000001ee07c11f80, 0x000001ee07c120c8]
Event: 2.832 Thread 0x000001ee7e3d51f0 4149       4       java.util.HashMap::<init> (11 bytes)
Event: 2.832 Thread 0x000001ee7e3d51f0 nmethod 4149 0x000001ee07c12188 code [0x000001ee07c12280, 0x000001ee07c12300]

GC Heap Usage History (2 events):
Event: 1.419 {heap Before GC invocations=0 (full 0):
 garbage-first heap   total reserved 3997696K, committed 251904K, used 50325K [0x000000070c000000, 0x0000000800000000)
  region size 2048K, 24 young (49152K), 0 survivors (0K)
}
Event: 1.425 {heap After GC invocations=1 (full 0):
 garbage-first heap   total reserved 3997696K, committed 251904K, used 5461K [0x000000070c000000, 0x0000000800000000)
  region size 2048K, 3 young (6144K), 3 survivors (6144K)
}

Metaspace Usage History (2 events):
Event: 1.419 {metaspace Before GC invocations=0 (full 0):
 Metaspace       used 8413K, committed 8640K, reserved 1114112K
  class space    used 734K, committed 832K, reserved 1048576K
}
Event: 1.425 {metaspace After GC invocations=1 (full 0):
 Metaspace       used 8413K, committed 8640K, reserved 1114112K
  class space    used 734K, committed 832K, reserved 1048576K
}

Dll operation events (7 events):
Event: 0.014 Loaded shared library C:\Program Files\Java\jdk-25\bin\java.dll
Event: 0.071 Loaded shared library C:\Program Files\Java\jdk-25\bin\net.dll
Event: 0.074 Loaded shared library C:\Program Files\Java\jdk-25\bin\nio.dll
Event: 0.080 Loaded shared library C:\Program Files\Java\jdk-25\bin\zip.dll
Event: 0.320 Loaded shared library D:\IntelliJ IDEA 2026.2.1\plugins\maven-plugin\lib\maven3\lib\jansi-native\Windows\x86_64\jansi.dll
Event: 0.320 Loaded shared library C:\Program Files\Java\jdk-25\bin\jimage.dll
Event: 0.333 Loaded shared library C:\Program Files\Java\jdk-25\bin\verify.dll

Deoptimization events (20 events):
Event: 2.672 Thread 0x000001ee6b90b660 DEOPT PACKING pc=0x000001ee07bf0c24 sp=0x0000006da78fcba0
Event: 2.672 Thread 0x000001ee6b90b660 DEOPT UNPACKING pc=0x000001ee0764fc02 sp=0x0000006da78fcb18 mode 2
Event: 2.693 Thread 0x000001ee6b90b660 Uncommon trap: trap_request=0xffffff45 fr.pc=0x000001ee07bf7fec relative=0x00000000000005ec
Event: 2.693 Thread 0x000001ee6b90b660 Uncommon trap: reason=unstable_if action=reinterpret pc=0x000001ee07bf7fec method=java.util.regex.Pattern$Start.match(Ljava/util/regex/Matcher;ILjava/lang/CharSequence;)Z @ 10 c2
Event: 2.693 Thread 0x000001ee6b90b660 DEOPT PACKING pc=0x000001ee07bf7fec sp=0x0000006da78fd1a0
Event: 2.693 Thread 0x000001ee6b90b660 DEOPT UNPACKING pc=0x000001ee0764fc02 sp=0x0000006da78fd160 mode 2
Event: 2.754 Thread 0x000001ee6b90b660 DEOPT PACKING pc=0x000001ee00565ad4 sp=0x0000006da78fca90
Event: 2.754 Thread 0x000001ee6b90b660 DEOPT UNPACKING pc=0x000001ee07581702 sp=0x0000006da78fbfe8 mode 0
Event: 2.760 Thread 0x000001ee6b90b660 Uncommon trap: trap_request=0xffffff45 fr.pc=0x000001ee07c08de0 relative=0x0000000000001260
Event: 2.760 Thread 0x000001ee6b90b660 Uncommon trap: reason=unstable_if action=reinterpret pc=0x000001ee07c08de0 method=org.codehaus.plexus.util.xml.pull.MXParser.nextImpl()I @ 978 c2
Event: 2.760 Thread 0x000001ee6b90b660 DEOPT PACKING pc=0x000001ee07c08de0 sp=0x0000006da78fd060
Event: 2.760 Thread 0x000001ee6b90b660 DEOPT UNPACKING pc=0x000001ee0764fc02 sp=0x0000006da78fcfd8 mode 2
Event: 2.814 Thread 0x000001ee6b90b660 Uncommon trap: trap_request=0xffffff45 fr.pc=0x000001ee07bfc31c relative=0x000000000000069c
Event: 2.814 Thread 0x000001ee6b90b660 Uncommon trap: reason=unstable_if action=reinterpret pc=0x000001ee07bfc31c method=org.codehaus.plexus.util.xml.pull.MXParser.isValidCodePoint(I)Z @ 15 c2
Event: 2.814 Thread 0x000001ee6b90b660 DEOPT PACKING pc=0x000001ee07bfc31c sp=0x0000006da78fd030
Event: 2.814 Thread 0x000001ee6b90b660 DEOPT UNPACKING pc=0x000001ee0764fc02 sp=0x0000006da78fcf48 mode 2
Event: 2.814 Thread 0x000001ee6b90b660 Uncommon trap: trap_request=0xffffff45 fr.pc=0x000001ee07ba9dec relative=0x000000000000006c
Event: 2.814 Thread 0x000001ee6b90b660 Uncommon trap: reason=unstable_if action=reinterpret pc=0x000001ee07ba9dec method=org.codehaus.plexus.util.xml.pull.MXParser.isValidCodePoint(I)Z @ 15 c2
Event: 2.814 Thread 0x000001ee6b90b660 DEOPT PACKING pc=0x000001ee07ba9dec sp=0x0000006da78fcfb0
Event: 2.814 Thread 0x000001ee6b90b660 DEOPT UNPACKING pc=0x000001ee0764fc02 sp=0x0000006da78fcf48 mode 2

Classes loaded (20 events):
Event: 2.372 Loading class sun/nio/fs/WindowsFileSystemProvider$1
Event: 2.372 Loading class sun/nio/fs/WindowsFileSystemProvider$1 done
Event: 2.373 Loading class sun/nio/fs/WindowsChannelFactory$2
Event: 2.373 Loading class sun/nio/fs/WindowsChannelFactory$2 done
Event: 2.373 Loading class sun/nio/ch/FileLockImpl
Event: 2.373 Loading class sun/nio/ch/FileLockImpl done
Event: 2.374 Loading class sun/nio/ch/FileLockTable
Event: 2.374 Loading class sun/nio/ch/FileLockTable done
Event: 2.374 Loading class sun/nio/ch/FileKey
Event: 2.374 Loading class sun/nio/ch/FileKey done
Event: 2.374 Loading class sun/nio/ch/FileLockTable$FileLockReference
Event: 2.374 Loading class sun/nio/ch/FileLockTable$FileLockReference done
Event: 2.375 Loading class java/util/AbstractMap$2
Event: 2.375 Loading class java/util/AbstractMap$2 done
Event: 2.375 Loading class java/util/AbstractMap$ValueIterator
Event: 2.375 Loading class java/util/AbstractMap$ValueIterator done
Event: 2.387 Loading class java/util/Formatter$FixedString
Event: 2.387 Loading class java/util/Formatter$FixedString done
Event: 2.421 Loading class java/util/stream/Streams$RangeIntSpliterator
Event: 2.421 Loading class java/util/stream/Streams$RangeIntSpliterator done

Classes unloaded (0 events):
No events

Classes redefined (0 events):
No events

Internal exceptions (20 events):
Event: 0.757 Thread 0x000001ee6b90b660 Exception <a 'java/lang/NoSuchMethodError'{0x000000071a1a45e0}: 'java.lang.Object java.lang.invoke.DirectMethodHandle$Holder.newInvokeSpecial(java.lang.Object, java.lang.Object, java.lang.Object, java.lang.Object, java.lang.Object)'> (0x000000071a1a45e0) 
thrown [s\open\src\hotspot\share\interpreter\linkResolver.cpp, line 804]
Event: 0.800 Thread 0x000001ee6b90b660 Exception <a 'java/lang/NoSuchMethodError'{0x0000000719ed7398}: 'int java.lang.invoke.DirectMethodHandle$Holder.invokeStaticInit(java.lang.Object, java.lang.Object)'> (0x0000000719ed7398) 
thrown [s\open\src\hotspot\share\interpreter\linkResolver.cpp, line 804]
Event: 0.809 Thread 0x000001ee6b90b660 Exception <a 'java/lang/NoClassDefFoundError'{0x0000000719f16440}: javax/enterprise/inject/Typed> (0x0000000719f16440) 
thrown [s\open\src\hotspot\share\classfile\systemDictionary.cpp, line 316]
Event: 1.691 Thread 0x000001ee6b90b660 Exception <a 'java/lang/NoSuchMethodError'{0x000000071a913918}: 'void java.lang.invoke.DirectMethodHandle$Holder.invokeStaticInit(java.lang.Object, java.lang.Object, java.lang.Object)'> (0x000000071a913918) 
thrown [s\open\src\hotspot\share\interpreter\linkResolver.cpp, line 804]
Event: 1.706 Thread 0x000001ee6b90b660 Implicit null exception at 0x000001ee07b4219d to 0x000001ee07b4239c
Event: 1.709 Thread 0x000001ee6b90b660 Exception <a 'java/lang/NoSuchMethodError'{0x000000071a9a70a0}: 'java.lang.Object java.lang.invoke.Invokers$Holder.invokeExact_MT(java.lang.Object, int, java.lang.Object)'> (0x000000071a9a70a0) 
thrown [s\open\src\hotspot\share\interpreter\linkResolver.cpp, line 804]
Event: 1.957 Thread 0x000001ee6b90b660 Exception <a 'java/lang/NoSuchMethodError'{0x0000000719e39310}: 'void java.lang.invoke.Invokers$Holder.invokeExact_MT(java.lang.Object, java.lang.Object, java.lang.Object, java.lang.Object)'> (0x0000000719e39310) 
thrown [s\open\src\hotspot\share\interpreter\linkResolver.cpp, line 804]
Event: 1.979 Thread 0x000001ee6b90b660 Exception <a 'java/lang/NoClassDefFoundError'{0x0000000719ec5fb8}: com/google/inject/servlet/ServletModuleTargetVisitor> (0x0000000719ec5fb8) 
thrown [s\open\src\hotspot\share\classfile\systemDictionary.cpp, line 316]
Event: 2.101 Thread 0x000001ee6b90b660 Exception <a 'java/lang/NoSuchMethodError'{0x0000000719a168f0}: 'java.lang.Object java.lang.invoke.DirectMethodHandle$Holder.invokeStaticInit(java.lang.Object, int, int, int, int)'> (0x0000000719a168f0) 
thrown [s\open\src\hotspot\share\interpreter\linkResolver.cpp, line 804]
Event: 2.252 Thread 0x000001ee6b90b660 Exception <a 'java/lang/NoSuchMethodError'{0x0000000719686a40}: 'java.lang.Object java.lang.invoke.DirectMethodHandle$Holder.invokeVirtual(java.lang.Object, java.lang.Object, java.lang.Object)'> (0x0000000719686a40) 
thrown [s\open\src\hotspot\share\interpreter\linkResolver.cpp, line 804]
Event: 2.254 Thread 0x000001ee6b90b660 Exception <a 'java/lang/NoSuchMethodError'{0x00000007196ad018}: 'void java.lang.invoke.DirectMethodHandle$Holder.invokeSpecial(java.lang.Object, java.lang.Object, java.lang.Object, java.lang.Object, java.lang.Object, java.lang.Object)'> (0x00000007196ad018) 
thrown [s\open\src\hotspot\share\interpreter\linkResolver.cpp, line 804]
Event: 2.301 Thread 0x000001ee6b90b660 Exception <a 'java/lang/NoSuchMethodError'{0x0000000719487320}: 'void java.lang.invoke.DirectMethodHandle$Holder.invokeVirtual(java.lang.Object, java.lang.Object, int)'> (0x0000000719487320) 
thrown [s\open\src\hotspot\share\interpreter\linkResolver.cpp, line 804]
Event: 2.305 Thread 0x000001ee6b90b660 Exception <a 'java/lang/NoSuchMethodError'{0x00000007194a0148}: 'java.lang.Object java.lang.invoke.DirectMethodHandle$Holder.invokeStatic(java.lang.Object, java.lang.Object, java.lang.Object, java.lang.Object, int)'> (0x00000007194a0148) 
thrown [s\open\src\hotspot\share\interpreter\linkResolver.cpp, line 804]
Event: 2.306 Thread 0x000001ee6b90b660 Exception <a 'java/lang/NoSuchMethodError'{0x00000007194b1878}: 'void java.lang.invoke.DirectMethodHandle$Holder.invokeSpecial(java.lang.Object, java.lang.Object, java.lang.Object, int)'> (0x00000007194b1878) 
thrown [s\open\src\hotspot\share\interpreter\linkResolver.cpp, line 804]
Event: 2.306 Thread 0x000001ee6b90b660 Exception <a 'java/lang/NoSuchMethodError'{0x00000007194b9c10}: 'void java.lang.invoke.DelegatingMethodHandle$Holder.reinvoke_L(java.lang.Object, java.lang.Object, int)'> (0x00000007194b9c10) 
thrown [s\open\src\hotspot\share\interpreter\linkResolver.cpp, line 804]
Event: 2.574 Thread 0x000001ee6b90b660 Exception <a 'java/lang/NoSuchMethodError'{0x00000007188a4848}: 'void java.lang.invoke.DirectMethodHandle$Holder.invokeStatic(java.lang.Object, java.lang.Object, java.lang.Object, java.lang.Object)'> (0x00000007188a4848) 
thrown [s\open\src\hotspot\share\interpreter\linkResolver.cpp, line 804]
Event: 2.597 Thread 0x000001ee6b90b660 Implicit null exception at 0x000001ee07b987b9 to 0x000001ee07b98e70
Event: 2.599 Thread 0x000001ee6b90b660 Implicit null exception at 0x000001ee07b74d4b to 0x000001ee07b74f34
Event: 2.607 Thread 0x000001ee6b90b660 Implicit null exception at 0x000001ee07b57a9d to 0x000001ee07b57b15
Event: 2.609 Thread 0x000001ee6b90b660 Implicit null exception at 0x000001ee07b7464b to 0x000001ee07b7483c

VM Operations (20 events):
Event: 1.754 Executing non-safepoint VM operation: HandshakeAllThreads (Deoptimize)
Event: 1.754 Executing non-safepoint VM operation: HandshakeAllThreads (Deoptimize) done
Event: 1.756 Executing non-safepoint VM operation: HandshakeAllThreads (Deoptimize)
Event: 1.756 Executing non-safepoint VM operation: HandshakeAllThreads (Deoptimize) done
Event: 1.818 Executing non-safepoint VM operation: HandshakeAllThreads (Deoptimize)
Event: 1.818 Executing non-safepoint VM operation: HandshakeAllThreads (Deoptimize) done
Event: 1.948 Executing non-safepoint VM operation: HandshakeAllThreads (Deoptimize)
Event: 1.948 Executing non-safepoint VM operation: HandshakeAllThreads (Deoptimize) done
Event: 2.050 Executing non-safepoint VM operation: HandshakeAllThreads (Deoptimize)
Event: 2.050 Executing non-safepoint VM operation: HandshakeAllThreads (Deoptimize) done
Event: 2.075 Executing non-safepoint VM operation: HandshakeAllThreads (Deoptimize)
Event: 2.075 Executing non-safepoint VM operation: HandshakeAllThreads (Deoptimize) done
Event: 2.121 Executing non-safepoint VM operation: HandshakeAllThreads (Deoptimize)
Event: 2.121 Executing non-safepoint VM operation: HandshakeAllThreads (Deoptimize) done
Event: 2.148 Executing non-safepoint VM operation: HandshakeAllThreads (Deoptimize)
Event: 2.148 Executing non-safepoint VM operation: HandshakeAllThreads (Deoptimize) done
Event: 2.203 Executing non-safepoint VM operation: HandshakeAllThreads (Deoptimize)
Event: 2.204 Executing non-safepoint VM operation: HandshakeAllThreads (Deoptimize) done
Event: 2.205 Executing non-safepoint VM operation: HandshakeAllThreads (Deoptimize)
Event: 2.205 Executing non-safepoint VM operation: HandshakeAllThreads (Deoptimize) done

Memory protections (0 events):
No events

Nmethod flushes (0 events):
No events

Events (16 events):
Event: 0.030 Thread 0x000001ee6b90b660 Thread added: 0x000001ee6b90b660
Event: 0.047 Thread 0x000001ee6b90b660 Thread added: 0x000001ee7db7b340
Event: 0.047 Thread 0x000001ee6b90b660 Thread added: 0x000001ee7db7bda0
Event: 0.047 Thread 0x000001ee6b90b660 Thread added: 0x000001ee7db84160
Event: 0.048 Thread 0x000001ee6b90b660 Thread added: 0x000001ee7db86a70
Event: 0.048 Thread 0x000001ee6b90b660 Thread added: 0x000001ee7db8a440
Event: 0.048 Thread 0x000001ee6b90b660 Thread added: 0x000001ee7db8b770
Event: 0.048 Thread 0x000001ee6b90b660 Thread added: 0x000001ee7db90de0
Event: 0.048 Thread 0x000001ee6b90b660 Thread added: 0x000001ee7dba5e30
Event: 0.062 Thread 0x000001ee6b90b660 Thread added: 0x000001ee7e45c020
Event: 0.066 Thread 0x000001ee6b90b660 Thread added: 0x000001ee7e46c920
Event: 0.239 Thread 0x000001ee7db90de0 Thread added: 0x000001ee7e3d7a40
Event: 0.316 Thread 0x000001ee6b90b660 Thread added: 0x000001ee7db93920
Event: 0.333 Thread 0x000001ee7db93920 Thread exited: 0x000001ee7db93920
Event: 0.847 Thread 0x000001ee7dba5e30 Thread added: 0x000001ee7e3d51f0
Event: 2.146 Thread 0x000001ee6b90b660 Thread added: 0x000001ee7db98f10


Dynamic libraries:
0x00007ff7e7ad0000 - 0x00007ff7e7ae0000 	C:\Program Files\Java\jdk-25\bin\java.exe
0x00007ffea6f60000 - 0x00007ffea71c6000 	C:\WINDOWS\SYSTEM32\ntdll.dll
0x00007ffea5680000 - 0x00007ffea5749000 	C:\WINDOWS\System32\KERNEL32.DLL
0x00007ffea42d0000 - 0x00007ffea46cf000 	C:\WINDOWS\System32\KERNELBASE.dll
0x00007ffea4170000 - 0x00007ffea42bc000 	C:\WINDOWS\System32\ucrtbase.dll
0x00007ffe81100000 - 0x00007ffe8111e000 	C:\Program Files\Java\jdk-25\bin\VCRUNTIME140.dll
0x00007ffe81360000 - 0x00007ffe81377000 	C:\Program Files\Java\jdk-25\bin\jli.dll
0x00007ffea4c90000 - 0x00007ffea4e56000 	C:\WINDOWS\System32\USER32.dll
0x00007ffea4770000 - 0x00007ffea4797000 	C:\WINDOWS\System32\win32u.dll
0x00007ffea5250000 - 0x00007ffea527b000 	C:\WINDOWS\System32\GDI32.dll
0x00007ffe906f0000 - 0x00007ffe90981000 	C:\WINDOWS\WinSxS\amd64_microsoft.windows.common-controls_6595b64144ccf1df_6.0.26100.8972_none_3e0da176e32f9d4b\COMCTL32.dll
0x00007ffea4aa0000 - 0x00007ffea4bc9000 	C:\WINDOWS\System32\gdi32full.dll
0x00007ffea6e70000 - 0x00007ffea6f19000 	C:\WINDOWS\System32\msvcrt.dll
0x00007ffea47a0000 - 0x00007ffea4843000 	C:\WINDOWS\System32\msvcp_win.dll
0x00007ffea6ae0000 - 0x00007ffea6b12000 	C:\WINDOWS\System32\IMM32.DLL
0x000000006ed10000 - 0x000000006ed1d000 	C:\Program Files (x86)\360\Total Security\safemon\SafeWrapper.dll
0x00007ffea69f0000 - 0x00007ffea6aac000 	C:\WINDOWS\System32\ADVAPI32.dll
0x00007ffea5010000 - 0x00007ffea50ba000 	C:\WINDOWS\System32\sechost.dll
0x00007ffea4e60000 - 0x00007ffea4f78000 	C:\WINDOWS\System32\RPCRT4.dll
0x00007ffea1a60000 - 0x00007ffea1b65000 	C:\Program Files (x86)\360\Total Security\safemon\libzdtp64.dll
0x00007ffea5dd0000 - 0x00007ffea6558000 	C:\WINDOWS\System32\SHELL32.dll
0x00007ffea6b20000 - 0x00007ffea6b86000 	C:\WINDOWS\System32\SHLWAPI.dll
0x00007ffea3a20000 - 0x00007ffea3a2b000 	C:\WINDOWS\SYSTEM32\VERSION.dll
0x00007ffe917a0000 - 0x00007ffe917ac000 	C:\Program Files\Java\jdk-25\bin\vcruntime140_1.dll
0x00007ffe63110000 - 0x00007ffe6319d000 	C:\Program Files\Java\jdk-25\bin\msvcp140.dll
0x00007ffde1690000 - 0x00007ffde24ef000 	C:\Program Files\Java\jdk-25\bin\server\jvm.dll
0x00007ffea4f80000 - 0x00007ffea5002000 	C:\WINDOWS\System32\WS2_32.dll
0x00007ffe974d0000 - 0x00007ffe97506000 	C:\WINDOWS\SYSTEM32\WINMM.dll
0x00007ffea3ff0000 - 0x00007ffea404e000 	C:\WINDOWS\SYSTEM32\POWRPROF.dll
0x00007ffea3fd0000 - 0x00007ffea3fe5000 	C:\WINDOWS\SYSTEM32\UMPDC.dll
0x00007ffea2de0000 - 0x00007ffea2dfb000 	C:\WINDOWS\SYSTEM32\kernel.appcore.dll
0x00007ffe90cd0000 - 0x00007ffe90cda000 	C:\Program Files\Java\jdk-25\bin\jimage.dll
0x00007ffea17b0000 - 0x00007ffea19f2000 	C:\WINDOWS\SYSTEM32\DBGHELP.DLL
0x00007ffea58a0000 - 0x00007ffea5c25000 	C:\WINDOWS\System32\combase.dll
0x00007ffea5380000 - 0x00007ffea5459000 	C:\WINDOWS\System32\OLEAUT32.dll
0x00007ffe8da00000 - 0x00007ffe8da3b000 	C:\WINDOWS\SYSTEM32\dbgcore.DLL
0x00007ffea4bd0000 - 0x00007ffea4c7c000 	C:\WINDOWS\System32\bcryptPrimitives.dll
0x00007ffe81040000 - 0x00007ffe8105f000 	C:\Program Files\Java\jdk-25\bin\java.dll
0x00007ffea5c30000 - 0x00007ffea5dc9000 	C:\WINDOWS\System32\ole32.dll
0x00007ffea1bc0000 - 0x00007ffea245b000 	C:\WINDOWS\SYSTEM32\windows.storage.dll
0x00007ffea5140000 - 0x00007ffea5239000 	C:\WINDOWS\System32\SHCORE.dll
0x00007ffea4090000 - 0x00007ffea40b9000 	C:\WINDOWS\SYSTEM32\profapi.dll
0x00007ffe80d60000 - 0x00007ffe80d72000 	C:\Program Files\Java\jdk-25\bin\net.dll
0x00007ffea3390000 - 0x00007ffea33fc000 	C:\WINDOWS\system32\mswsock.dll
0x00007ffe804e0000 - 0x00007ffe804f6000 	C:\Program Files\Java\jdk-25\bin\nio.dll
0x00007ffe804c0000 - 0x00007ffe804d7000 	C:\Program Files\Java\jdk-25\bin\zip.dll
0x00007ffe94580000 - 0x00007ffe945a4000 	D:\IntelliJ IDEA 2026.2.1\plugins\maven-plugin\lib\maven3\lib\jansi-native\Windows\x86_64\jansi.dll
0x00007ffe89f60000 - 0x00007ffe89f70000 	C:\Program Files\Java\jdk-25\bin\verify.dll

JVMTI agents: none

dbghelp: loaded successfully - version: 4.0.5 - missing functions: none
symbol engine: initialized successfully - sym options: 0x614 - pdb path: .;C:\Program Files\Java\jdk-25\bin;C:\WINDOWS\SYSTEM32;C:\WINDOWS\WinSxS\amd64_microsoft.windows.common-controls_6595b64144ccf1df_6.0.26100.8972_none_3e0da176e32f9d4b;C:\Program Files (x86)\360\Total Security\safemon;C:\Program Files\Java\jdk-25\bin\server;D:\IntelliJ IDEA 2026.2.1\plugins\maven-plugin\lib\maven3\lib\jansi-native\Windows\x86_64

VM Arguments:
jvm_args: --enable-native-access=ALL-UNNAMED -Dfile.encoding=UTF-8 -Dclassworlds.conf=D:\IntelliJ IDEA 2026.2.1\plugins\maven-plugin\lib\maven3\bin\m2.conf -Dmaven.home=D:\IntelliJ IDEA 2026.2.1\plugins\maven-plugin\lib\maven3 -Dlibrary.jansi.path=D:\IntelliJ IDEA 2026.2.1\plugins\maven-plugin\lib\maven3\lib\jansi-native -Dmaven.multiModuleProjectDirectory=C:\PrimeDev\PrimeChat 
java_command: org.codehaus.plexus.classworlds.launcher.Launcher -Didea.version=2026.2.1 -Dmaven.ext.class.path=D:\IntelliJ IDEA 2026.2.1\plugins\maven-plugin\lib\intellij.maven.rt\maven-event-listener.jar -Djansi.passthrough=true -Dstyle.color=always -Dmaven.repo.local=C:\maven-repository package -f pom.xml
java_class_path (initial): D:\IntelliJ IDEA 2026.2.1\plugins\maven-plugin\lib\maven3\boot\plexus-classworlds-2.11.0.jar
Launcher Type: SUN_STANDARD

[Global flags]
     intx CICompilerCount                          = 4                                         {product} {ergonomic}
     uint ConcGCThreads                            = 3                                         {product} {ergonomic}
     uint G1ConcRefinementThreads                  = 10                                        {product} {ergonomic}
   size_t G1HeapRegionSize                         = 2097152                                   {product} {ergonomic}
   size_t InitialHeapSize                          = 255852544                                 {product} {ergonomic}
   size_t MarkStackSize                            = 4194304                                   {product} {ergonomic}
   size_t MarkStackSizeMax                         = 536870912                                 {product} {ergonomic}
   size_t MaxHeapSize                              = 4093640704                                {product} {ergonomic}
   size_t MaxNewSize                               = 2455764992                                {product} {ergonomic}
   size_t MinHeapDeltaBytes                        = 2097152                                   {product} {ergonomic}
   size_t MinHeapSize                              = 8388608                                   {product} {ergonomic}
    uintx NonNMethodCodeHeapSize                   = 5832704                                {pd product} {ergonomic}
    uintx NonProfiledCodeHeapSize                  = 122945536                              {pd product} {ergonomic}
    uintx ProfiledCodeHeapSize                     = 122880000                              {pd product} {ergonomic}
    uintx ReservedCodeCacheSize                    = 251658240                              {pd product} {ergonomic}
     bool SegmentedCodeCache                       = true                                      {product} {ergonomic}
   size_t SoftMaxHeapSize                          = 4093640704                             {manageable} {ergonomic}
     bool UseCompressedOops                        = true                           {product lp64_product} {ergonomic}
     bool UseG1GC                                  = true                                      {product} {ergonomic}
     bool UseLargePagesIndividualAllocation        = false                                  {pd product} {ergonomic}

Logging:
Log output configuration:
 #0: stdout all=warning uptime,level,tags foldmultilines=false
 #1: stderr all=off uptime,level,tags foldmultilines=false

Release file:
IMPLEMENTOR="Oracle Corporation" 
JAVA_RUNTIME_VERSION="25.0.1+8-LTS-27" 
JAVA_VERSION="25.0.1" 
JAVA_VERSION_DATE="2025-10-21" 
LIBC="default" 
MODULES="java.base java.compiler java.datatransfer java.xml java.prefs java.desktop java.instrument java.logging java.management java.security.sasl java.naming java.rmi java.management.rmi java.net.http java.scripting java.security.jgss java.transaction.xa java.sql java.sql.rowset java.xml.crypto java.se java.smartcardio jdk.accessibility jdk.internal.jvmstat jdk.attach jdk.charsets jdk.internal.opt jdk.zipfs jdk.compiler jdk.crypto.cryptoki jdk.crypto.ec jdk.crypto.mscapi jdk.dynalink jdk.internal.ed jdk.editpad jdk.internal.vm.ci jdk.graal.compiler jdk.graal.compiler.management jdk.hotspot.agent jdk.httpserver jdk.incubator.vector jdk.internal.le jdk.internal.md jdk.jartool jdk.javadoc jdk.jcmd jdk.management jdk.management.agent jdk.jconsole jdk.jdeps jdk.jdwp.agent jdk.jdi jdk.jfr jdk.jlink jdk.jpackage jdk.jshell jdk.jsobject jdk.jstatd jdk.localedata jdk.management.jfr jdk.naming.dns jdk.naming.rmi jdk.net jdk.nio.mapmode jdk.sctp jdk.security.auth jdk.security.jgss jdk.unsupported jdk.unsupported.desktop jdk.xml.dom" 
OS_ARCH="x86_64" 
OS_NAME="Windows" 
SOURCE=".:git:862c85bc42b7 open:git:78770bfaefd2" 

Environment Variables:
JAVA_HOME=C:\Program Files\Java\jdk-25
PATH=C:\Program Files\Common Files\Oracle\Java\javapath;C:\Program Files (x86)\Common Files\Oracle\Java\java8path;C:\Program Files (x86)\Common Files\Oracle\Java\javapath;C:\WINDOWS\system32;C:\WINDOWS;C:\WINDOWS\System32\Wbem;C:\WINDOWS\System32\WindowsPowerShell\v1.0\;C:\WINDOWS\System32\OpenSSH\;C:\Program Files\7-Zip;C:\Program Files (x86)\NVIDIA Corporation\PhysX\Common;C:\Program Files\NVIDIA Corporation\NVIDIA NvDLISR;C:\Program Files\dotnet\;C:\Users\Пользователь\AppData\Local\Programs\Python\Python314\Scripts\;C:\Users\Пользователь\AppData\Local\Programs\Python\Python314\;C:\Users\Пользователь\AppData\Local\Microsoft\WindowsApps;C:\Users\Пользователь\AppData\Local\Python\bin;D:\PyCharm 2025.3.3\bin
USERNAME=Пользователь
OS=Windows_NT
PROCESSOR_IDENTIFIER=AMD64 Family 25 Model 68 Stepping 1, AuthenticAMD
TMP=C:\Users\73B5~1\AppData\Local\Temp
TEMP=C:\Users\73B5~1\AppData\Local\Temp




Compilation memory statistics disabled.

Periodic native trim disabled

---------------  S Y S T E M  ---------------

OS:
 Windows 11 , 64 bit Build 26100 (10.0.26100.9168)
OS uptime: 0 days 5:45 hours

CPU: total 12 (initial active 12) (12 cores per cpu, 2 threads per core) family 25 model 68 stepping 1 microcode 0xa404107, cx8, cmov, fxsr, ht, mmx, 3dnowpref, sse, sse2, sse3, ssse3, sse4a, sse4.1, sse4.2, popcnt, lzcnt, tsc, tscinvbit, avx, avx2, aes, erms, clmul, bmi1, bmi2, adx, sha, fma, vzeroupper, clflush, clflushopt, clwb, rdtscp, rdpid, fsrm, f16c, pku, cet_ss
Processor Information for the first 12 processors :
  Max Mhz: 3301, Current Mhz: 2496, Mhz Limit: 3301

Memory: 4k page, system-wide physical 15611M (674M free)
TotalPageFile size 29336M (AvailPageFile size 22M)
current process WorkingSet (physical memory assigned to process): 175M, peak: 175M
current process commit charge ("private bytes"): 386M, peak: 390M

vm_info: Java HotSpot(TM) 64-Bit Server VM (25.0.1+8-LTS-27) for windows-amd64 JRE (25.0.1+8-LTS-27), built on 2025-09-25T16:41:16Z with unknown MS VC++:1943

END.
