#
# There is insufficient memory for the Java Runtime Environment to continue.
# Native memory allocation (mmap) failed to map 255852544 bytes. Error detail: G1 virtual space
# Possible reasons:
#   The system is out of physical RAM or swap space
#   This process is running with CompressedOops enabled, and the Java Heap may be blocking the growth of the native heap
# Possible solutions:
#   Reduce memory load on the system
#   Increase physical memory or swap space
#   Check if swap backing store is full
#   Decrease Java heap size (-Xmx/-Xms)
#   Decrease number of Java threads
#   Decrease Java thread stack sizes (-Xss)
#   Set larger code cache with -XX:ReservedCodeCacheSize=
#   JVM is running with Zero Based Compressed Oops mode in which the Java heap is
#     placed in the first 32GB address space. The Java Heap base address is the
#     maximum limit for the native heap growth. Please use -XX:HeapBaseMinAddress
#     to set the Java Heap base and to place the Java Heap above 32GB virtual address.
# This output file may be truncated or incomplete.
#
#  Out of Memory Error (os_windows.cpp:3554), pid=20524, tid=20580
#
# JRE version:  (25.0.1+8) (build )
# Java VM: Java HotSpot(TM) 64-Bit Server VM (25.0.1+8-LTS-27, mixed mode, sharing, tiered, compressed oops, compressed class ptrs, g1 gc, windows-amd64)
# No core dump will be written. Minidumps are not enabled by default on client versions of Windows
#

---------------  S U M M A R Y ------------

Command Line: --enable-native-access=ALL-UNNAMED 

Host: AMD Ryzen 5 7535HS with Radeon Graphics        , 12 cores, 15G,  Windows 11 , 64 bit Build 26100 (10.0.26100.9168)
Time: Thu Aug 13 22:37:06 2026 elapsed time: 0.022374 seconds (0d 0h 0m 0s)

---------------  T H R E A D  ---------------

Current thread (0x000001fb6044bc30):  JavaThread "Unknown thread" [_thread_in_vm, id=20580, stack(0x00000005df400000,0x00000005df500000) (1024K)]

Stack: [0x00000005df400000,0x00000005df500000]
Native frames: (J=compiled Java code, j=interpreted, Vv=VM code, C=native code)
V  [jvm.dll+0x7a6b59]  (no source info available)
V  [jvm.dll+0x77290d]  (no source info available)
V  [jvm.dll+0x966153]  (no source info available)
V  [jvm.dll+0x968751]  (no source info available)
V  [jvm.dll+0x968e53]  (no source info available)
V  [jvm.dll+0x2fc756]  (no source info available)
V  [jvm.dll+0x7a2d85]  (no source info available)
V  [jvm.dll+0x796197]  (no source info available)
V  [jvm.dll+0x3f4698]  (no source info available)
V  [jvm.dll+0x3fc5b6]  (no source info available)
V  [jvm.dll+0x3e8c8e]  (no source info available)
V  [jvm.dll+0x3e8f48]  (no source info available)
V  [jvm.dll+0x3c0045]  (no source info available)
V  [jvm.dll+0x3c0cce]  (no source info available)
V  [jvm.dll+0x92c837]  (no source info available)
V  [jvm.dll+0x458bc2]  (no source info available)
V  [jvm.dll+0x9101e2]  (no source info available)
V  [jvm.dll+0x4f9061]  (no source info available)
V  [jvm.dll+0x4fa8f1]  (no source info available)
C  [jli.dll+0x543e]  (no source info available)
C  [ucrtbase.dll+0x2cd30]  (no source info available)
C  [KERNEL32.DLL+0x2ccb7]  (no source info available)
C  [ntdll.dll+0xaad6c]  (no source info available)

Lock stack of current Java thread (top to bottom):


---------------  P R O C E S S  ---------------

Threads class SMR info:
_java_thread_list=0x00007ffde2385308, length=0, elements={
}

Java Threads: ( => current thread )
Total: 0

Other Threads:
  0x000001fb629e74c0 WorkerThread "GC Thread#0"                     [id=26036, stack(0x00000005df500000,0x00000005df600000) (1024K)]
  0x000001fb62a02210 ConcurrentGCThread "G1 Main Marker"            [id=23612, stack(0x00000005df600000,0x00000005df700000) (1024K)]
  0x000001fb62a037c0 WorkerThread "G1 Conc#0"                       [id=16088, stack(0x00000005df700000,0x00000005df800000) (1024K)]

[error occurred during error reporting (printing all threads), id 0xc0000005, EXCEPTION_ACCESS_VIOLATION (0xc0000005) at pc=0x00007ffde1a64c2a]
VM state: not at safepoint (not fully initialized)

VM Mutex/Monitor currently owned by a thread:  ([mutex/lock_event])
[0x00007ffde2409668] Heap_lock - owner thread: 0x000001fb6044bc30

Heap address: 0x000000070c000000, size: 3904 MB, Compressed Oops mode: Zero based, Oop shift amount: 3

CDS archive(s) mapped at: [0x0000000000000000-0x0000000000000000-0x0000000000000000), size 0, SharedBaseAddress: 0x0000000800000000, ArchiveRelocationMode: 1.
UseCompressedClassPointers 1, UseCompactObjectHeaders 0
Narrow klass pointer bits 32, Max shift 3
Narrow klass base: 0xffffffffffffffff, Narrow klass shift: -1
Encoding Range: [0xffffffffffffffff - 0x000000007fffffff), (2147483648 bytes)
Klass Range:    [0x0000000000000000 - 0x0000000000000000), (0 bytes)
Klass ID Range:  [4294967295 - 0) (1)
No protection zone.

GC Precious Log:
 CardTable entry size: 512
 Card Set container configuration: InlinePtr #cards 4 size 8 Array Of Cards #cards 16 size 48 Howl #buckets 8 coarsen threshold 3686 Howl Bitmap #cards 512 size 80 coarsen threshold 460 Card regions per heap region 1 cards per card region 4096

Heap:
 garbage-first heap   total reserved 3997696K, committed 0K, used 0K [0x000000070c000000, 0x0000000800000000)
  region size 2048K, 0 young (0K), 0 survivors (0K)

Heap Regions: E=young(eden), S=young(survivor), O=old, HS=humongous(starts), HC=humongous(continues), CS=collection set, F=free, TAMS=top-at-mark-start, PB=parsable bottom

Card table byte_map: [0x000001fb7aee0000,0x000001fb7b680000] _byte_map_base: 0x000001fb77680000

Marking Bits: (CMBitMap*) 0x000001fb629e8a60
 Bits: [0x000001fb7b680000, 0x000001fb7f380000)

GC Heap Usage History (0 events):
No events

Metaspace Usage History (0 events):
No events

Dll operation events (1 events):
Event: 0.015 Loaded shared library C:\Program Files\Java\jdk-25\bin\java.dll

Deoptimization events (0 events):
No events

Classes loaded (0 events):
No events

Classes unloaded (0 events):
No events

Classes redefined (0 events):
No events

Internal exceptions (0 events):
No events

VM Operations (0 events):
No events

Memory protections (0 events):
No events

Nmethod flushes (0 events):
No events

Events (0 events):
No events


Dynamic libraries:
0x00007ff7e7ad0000 - 0x00007ff7e7ae0000 	C:\Program Files\Java\jdk-25\bin\java.exe
0x00007ffea6f60000 - 0x00007ffea71c6000 	C:\WINDOWS\SYSTEM32\ntdll.dll
0x00007ffea5680000 - 0x00007ffea5749000 	C:\WINDOWS\System32\KERNEL32.DLL
0x00007ffea42d0000 - 0x00007ffea46cf000 	C:\WINDOWS\System32\KERNELBASE.dll
0x00007ffea4170000 - 0x00007ffea42bc000 	C:\WINDOWS\System32\ucrtbase.dll
0x00007ffe81360000 - 0x00007ffe81377000 	C:\Program Files\Java\jdk-25\bin\jli.dll
0x00007ffe81100000 - 0x00007ffe8111e000 	C:\Program Files\Java\jdk-25\bin\VCRUNTIME140.dll
0x00007ffea4c90000 - 0x00007ffea4e56000 	C:\WINDOWS\System32\USER32.dll
0x00007ffea4770000 - 0x00007ffea4797000 	C:\WINDOWS\System32\win32u.dll
0x00007ffea5250000 - 0x00007ffea527b000 	C:\WINDOWS\System32\GDI32.dll
0x00007ffe906f0000 - 0x00007ffe90981000 	C:\WINDOWS\WinSxS\amd64_microsoft.windows.common-controls_6595b64144ccf1df_6.0.26100.8972_none_3e0da176e32f9d4b\COMCTL32.dll
0x00007ffea4aa0000 - 0x00007ffea4bc9000 	C:\WINDOWS\System32\gdi32full.dll
0x00007ffea6e70000 - 0x00007ffea6f19000 	C:\WINDOWS\System32\msvcrt.dll
0x00007ffea47a0000 - 0x00007ffea4843000 	C:\WINDOWS\System32\msvcp_win.dll
0x00007ffea6ae0000 - 0x00007ffea6b12000 	C:\WINDOWS\System32\IMM32.DLL
0x000000006ed10000 - 0x000000006ed1d000 	C:\Program Files (x86)\360\Total Security\safemon\SafeWrapper.dll
0x00007ffea69f0000 - 0x00007ffea6aac000 	C:\WINDOWS\System32\ADVAPI32.dll
0x00007ffea5010000 - 0x00007ffea50ba000 	C:\WINDOWS\System32\sechost.dll
0x00007ffea4e60000 - 0x00007ffea4f78000 	C:\WINDOWS\System32\RPCRT4.dll
0x00007ffea1a60000 - 0x00007ffea1b65000 	C:\Program Files (x86)\360\Total Security\safemon\libzdtp64.dll
0x00007ffea5dd0000 - 0x00007ffea6558000 	C:\WINDOWS\System32\SHELL32.dll
0x00007ffea6b20000 - 0x00007ffea6b86000 	C:\WINDOWS\System32\SHLWAPI.dll
0x00007ffea3a20000 - 0x00007ffea3a2b000 	C:\WINDOWS\SYSTEM32\VERSION.dll
0x00007ffe917a0000 - 0x00007ffe917ac000 	C:\Program Files\Java\jdk-25\bin\vcruntime140_1.dll
0x00007ffe63110000 - 0x00007ffe6319d000 	C:\Program Files\Java\jdk-25\bin\msvcp140.dll
0x00007ffde1690000 - 0x00007ffde24ef000 	C:\Program Files\Java\jdk-25\bin\server\jvm.dll
0x00007ffea4f80000 - 0x00007ffea5002000 	C:\WINDOWS\System32\WS2_32.dll
0x00007ffea3ff0000 - 0x00007ffea404e000 	C:\WINDOWS\SYSTEM32\POWRPROF.dll
0x00007ffe974d0000 - 0x00007ffe97506000 	C:\WINDOWS\SYSTEM32\WINMM.dll
0x00007ffea3fd0000 - 0x00007ffea3fe5000 	C:\WINDOWS\SYSTEM32\UMPDC.dll
0x00007ffea2de0000 - 0x00007ffea2dfb000 	C:\WINDOWS\SYSTEM32\kernel.appcore.dll
0x00007ffe90cd0000 - 0x00007ffe90cda000 	C:\Program Files\Java\jdk-25\bin\jimage.dll
0x00007ffea17b0000 - 0x00007ffea19f2000 	C:\WINDOWS\SYSTEM32\DBGHELP.DLL
0x00007ffea58a0000 - 0x00007ffea5c25000 	C:\WINDOWS\System32\combase.dll
0x00007ffea5380000 - 0x00007ffea5459000 	C:\WINDOWS\System32\OLEAUT32.dll
0x00007ffe8da00000 - 0x00007ffe8da3b000 	C:\WINDOWS\SYSTEM32\dbgcore.DLL
0x00007ffea4bd0000 - 0x00007ffea4c7c000 	C:\WINDOWS\System32\bcryptPrimitives.dll
0x00007ffe81040000 - 0x00007ffe8105f000 	C:\Program Files\Java\jdk-25\bin\java.dll
0x00007ffea5c30000 - 0x00007ffea5dc9000 	C:\WINDOWS\System32\ole32.dll

JVMTI agents: none

dbghelp: loaded successfully - version: 4.0.5 - missing functions: none
symbol engine: initialized successfully - sym options: 0x614 - pdb path: .;C:\Program Files\Java\jdk-25\bin;C:\WINDOWS\SYSTEM32;C:\WINDOWS\WinSxS\amd64_microsoft.windows.common-controls_6595b64144ccf1df_6.0.26100.8972_none_3e0da176e32f9d4b;C:\Program Files (x86)\360\Total Security\safemon;C:\Program Files\Java\jdk-25\bin\server

VM Arguments:
jvm_args: --enable-native-access=ALL-UNNAMED 
java_command: <unknown>
java_class_path (initial): <not set>
Launcher Type: SUN_STANDARD

[Global flags]
     intx CICompilerCount                          = 4                                         {product} {ergonomic}
     uint ConcGCThreads                            = 3                                         {product} {ergonomic}
     uint G1ConcRefinementThreads                  = 10                                        {product} {ergonomic}
   size_t G1HeapRegionSize                         = 2097152                                   {product} {ergonomic}
   size_t InitialHeapSize                          = 255852544                                 {product} {ergonomic}
   size_t MarkStackSize                            = 4194304                                   {product} {ergonomic}
   size_t MarkStackSizeMax                         = 536870912                                 {product} {ergonomic}
   size_t MaxHeapSize                              = 4093640704                                {product} {ergonomic}
   size_t MinHeapDeltaBytes                        = 2097152                                   {product} {ergonomic}
   size_t MinHeapSize                              = 8388608                                   {product} {ergonomic}
    uintx NonNMethodCodeHeapSize                   = 5832704                                {pd product} {ergonomic}
    uintx NonProfiledCodeHeapSize                  = 122945536                              {pd product} {ergonomic}
    uintx ProfiledCodeHeapSize                     = 122880000                              {pd product} {ergonomic}
    uintx ReservedCodeCacheSize                    = 251658240                              {pd product} {ergonomic}
     bool SegmentedCodeCache                       = true                                      {product} {ergonomic}
   size_t SoftMaxHeapSize                          = 4093640704                             {manageable} {ergonomic}
     bool UseCompressedOops                        = true                           {product lp64_product} {ergonomic}
     bool UseG1GC                                  = true                                      {product} {ergonomic}
     bool UseLargePagesIndividualAllocation        = false                                  {pd product} {ergonomic}

Logging:
Log output configuration:
 #0: stdout all=warning uptime,level,tags foldmultilines=false
 #1: stderr all=off uptime,level,tags foldmultilines=false

Release file:
<release file has not been read>
Environment Variables:
JAVA_HOME=C:\Program Files\Java\jdk-25
PATH=C:\Program Files\Common Files\Oracle\Java\javapath;C:\Program Files (x86)\Common Files\Oracle\Java\java8path;C:\Program Files (x86)\Common Files\Oracle\Java\javapath;C:\WINDOWS\system32;C:\WINDOWS;C:\WINDOWS\System32\Wbem;C:\WINDOWS\System32\WindowsPowerShell\v1.0\;C:\WINDOWS\System32\OpenSSH\;C:\Program Files\7-Zip;C:\Program Files (x86)\NVIDIA Corporation\PhysX\Common;C:\Program Files\NVIDIA Corporation\NVIDIA NvDLISR;C:\Program Files\dotnet\;C:\Users\Пользователь\AppData\Local\Programs\Python\Python314\Scripts\;C:\Users\Пользователь\AppData\Local\Programs\Python\Python314\;C:\Users\Пользователь\AppData\Local\Microsoft\WindowsApps;C:\Users\Пользователь\AppData\Local\Python\bin;D:\PyCharm 2025.3.3\bin
USERNAME=Пользователь
OS=Windows_NT
PROCESSOR_IDENTIFIER=AMD64 Family 25 Model 68 Stepping 1, AuthenticAMD
TMP=C:\Users\73B5~1\AppData\Local\Temp
TEMP=C:\Users\73B5~1\AppData\Local\Temp




Compilation memory statistics disabled.

Periodic native trim disabled

---------------  S Y S T E M  ---------------

OS:
 Windows 11 , 64 bit Build 26100 (10.0.26100.9168)
OS uptime: 0 days 5:41 hours

CPU: total 12 (initial active 12) (12 cores per cpu, 2 threads per core) family 25 model 68 stepping 1 microcode 0xa404107, cx8, cmov, fxsr, ht, mmx, 3dnowpref, sse, sse2, sse3, ssse3, sse4a, sse4.1, sse4.2, popcnt, lzcnt, tsc, tscinvbit, avx, avx2, aes, erms, clmul, bmi1, bmi2, adx, sha, fma, vzeroupper, clflush, clflushopt, clwb, rdtscp, rdpid, fsrm, f16c, pku, cet_ss
Processor Information for the first 12 processors :
  Max Mhz: 3301, Current Mhz: 2496, Mhz Limit: 3301

Memory: 4k page, system-wide physical 15611M (696M free)
TotalPageFile size 29336M (AvailPageFile size 221M)
current process WorkingSet (physical memory assigned to process): 14M, peak: 14M
current process commit charge ("private bytes"): 65M, peak: 309M

vm_info: Java HotSpot(TM) 64-Bit Server VM (25.0.1+8-LTS-27) for windows-amd64 JRE (25.0.1+8-LTS-27), built on 2025-09-25T16:41:16Z with unknown MS VC++:1943

END.
